[rulko.ca/index.html]
[backblue.gif]
[fade.gif]
[index.html]
[rulko.ca/assets/img/icon.png]
[rulko.ca/assets/img/icon.ico]
[rulko.ca/assets/style.css]
[rulko.ca/assets/img/iconc619.ico]
[rulko.ca/assets/icons/css/all.min.css]
[rulko.ca/assets/img/president.thumb.jpg]
[rulko.ca/assets/img/M.png]
[rulko.ca/assets/img/aiaa.png]
[rulko.ca/assets/img/structures.thumb.png]
[rulko.ca/assets/img/CoE-Condensed.png]
[rulko.ca/assets/img/tsm.thumb.png]
[rulko.ca/index3c6c.html]
[rulko.ca/assets/img/blimp.thumb.png]
[rulko.ca/assets/img/umich.seal.png]
[rulko.ca/assets/img/chrome frame.png]
[rulko.ca/assets/img/cleanstart.jpg]
[rulko.ca/assets/img/masa.thumb.png]
[rulko.ca/Portfolio/index.html]
[rulko.ca/assets/img/tesson.ca.thumb.jpg]
[rulko.ca/assets/jquery.min.js]
[rulko.ca/assets/js.js]
[rulko.ca/index.html]
[rulko.ca/cdn-cgi/scripts/7d0fa10a/cloudflare-static/rocket-loader.min.js]
[rulko.ca/assets/font/HubllandRegular.eot]
[rulko.ca/assets/font/HubllandRegulard41d.eot]
[rulko.ca/assets/font/HubllandRegular.svg]
[rulko.ca/assets/font/HubllandRegular.ttf]
[rulko.ca/assets/font/HubllandRegular.woff]
[rulko.ca/assets/font/HubllandRegular.woff2]
[rulko.ca/assets/img/4971361-mars-space-wallpapers.jpg]
[rulko.ca/assets/img/loading.gif]
[rulko.ca/assets/style.css]
[rulko.ca/assets/icons/webfonts/fa-brands-400.eot]
[rulko.ca/assets/icons/webfonts/fa-brands-400d41d.eot]
[rulko.ca/assets/icons/webfonts/fa-brands-400.woff2]
[rulko.ca/assets/icons/webfonts/fa-brands-400.woff]
[rulko.ca/assets/icons/webfonts/fa-brands-400.ttf]
[rulko.ca/assets/icons/webfonts/fa-brands-400.svg]
[rulko.ca/assets/icons/webfonts/fa-regular-400.eot]
[rulko.ca/assets/icons/webfonts/fa-regular-400d41d.eot]
[rulko.ca/assets/icons/webfonts/fa-regular-400.woff2]
[rulko.ca/assets/icons/webfonts/fa-regular-400.woff]
[rulko.ca/assets/icons/webfonts/fa-regular-400.ttf]
[rulko.ca/assets/icons/webfonts/fa-regular-400.svg]
[rulko.ca/assets/icons/webfonts/fa-solid-900.eot]
[rulko.ca/assets/icons/webfonts/fa-solid-900d41d.eot]
[rulko.ca/assets/icons/webfonts/fa-solid-900.woff2]
[rulko.ca/assets/icons/webfonts/fa-solid-900.woff]
[rulko.ca/assets/icons/webfonts/fa-solid-900.ttf]
[rulko.ca/assets/icons/css/all.min.css]
[rulko.ca/Portal/index.html]
[rulko.ca/index3c6c.html]
[rulko.ca/Portal/login.html]
[rulko.ca/assets/icons/webfonts/fa-solid-900.svg]
[rulko.ca/assets/flickity.css]
[rulko.ca/assets/icons/edge.svg]
[rulko.ca/Portfolio/index3c6c.html]
[rulko.ca/assets/img/iphone.png]
[rulko.ca/assets/img/masa-mobile.jpg]
[rulko.ca/assets/img/tesson.ca-mobile.jpg]
[rulko.ca/assets/flickity.pkgd.min.js]
[rulko.ca/assets/flickity-fullscreen.js]
[rulko.ca/assets/portfolio.js]
[rulko.ca/Portfolio/index.html]
[rulko.ca/assets/font/HubllandRegular.svg]
[cdnjs.cloudflare.com/ajax/libs/jquery.lazy/1.7.9/jquery.lazy.min.js]
[rulko.ca/assets/icons/webfonts/fa-brands-400.svg]
[rulko.ca/assets/icons/webfonts/fa-regular-400.svg]
[rulko.ca/assets/icons/webfonts/fa-solid-900.svg]
[rulko.ca/Portal/login.html]
[rulko.ca/assets/flickity.css]
[rulko.ca/Portfolio/index3c6c.html]
[rulko.ca/assets/icons/edge.svg]
[rulko.ca/Portal/login3c6c.html]
[rulko.ca/Portal/login3c6c.html]
